[     566ms] [ERROR] Failed to load resource: the server responded with a status of 500 (Internal Server Error) @ http://localhost:3000/package/annapurna-circuit-trek-7-days:0
[    1463ms] [INFO] %cDownload the React DevTools for a better development experience: https://react.dev/link/react-devtools font-weight:bold @ http://localhost:3000/_next/static/chunks/13-7_next_dist_1lflez5._.js:2489
[    1507ms] [LOG] [HMR] connected @ http://localhost:3000/_next/static/chunks/13-7_next_dist_1lflez5._.js:2489
[    1578ms] [ERROR] %o

%s Error: Can only set one of `children` or `props.dangerouslySetInnerHTML`.
    at setProp (http://localhost:3000/_next/static/chunks/13-7_next_dist_compiled_react-dom_0vqk2fi._.js:10787:59)
    at setInitialProperties (http://localhost:3000/_next/static/chunks/13-7_next_dist_compiled_react-dom_0vqk2fi._.js:11144:122)
    at completeWork (http://localhost:3000/_next/static/chunks/13-7_next_dist_compiled_react-dom_0vqk2fi._.js:6979:35)
    at runWithFiberInDEV (http://localhost:3000/_next/static/chunks/13-7_next_dist_compiled_react-dom_0vqk2fi._.js:965:74)
    at completeUnitOfWork (http://localhost:3000/_next/static/chunks/13-7_next_dist_compiled_react-dom_0vqk2fi._.js:9622:23)
    at performUnitOfWork (http://localhost:3000/_next/static/chunks/13-7_next_dist_compiled_react-dom_0vqk2fi._.js:9557:28)
    at workLoopSync (http://localhost:3000/_next/static/chunks/13-7_next_dist_compiled_react-dom_0vqk2fi._.js:9449:40)
    at renderRootSync (http://localhost:3000/_next/static/chunks/13-7_next_dist_compiled_react-dom_0vqk2fi._.js:9433:13)
    at performWorkOnRoot (http://localhost:3000/_next/static/chunks/13-7_next_dist_compiled_react-dom_0vqk2fi._.js:9098:47)
    at performWorkOnRootViaSchedulerTask (http://localhost:3000/_next/static/chunks/13-7_next_dist_compiled_react-dom_0vqk2fi._.js:10255:9)
    at MessagePort.performWorkUntilDeadline (http://localhost:3000/_next/static/chunks/13-7_next_dist_compiled_00ojxj0._.js:2647:64) The above error occurred in the <div> component. It was handled by the <ErrorBoundaryHandler> error boundary. @ http://localhost:3000/_next/static/chunks/13-7_next_dist_client_0td4nlf._.js:1998
[    1581ms] [ERROR] Error: Can only set one of `children` or `props.dangerouslySetInnerHTML`.
    at setProp (http://localhost:3000/_next/static/chunks/13-7_next_dist_compiled_react-dom_0vqk2fi._.js:10787:59)
    at setInitialProperties (http://localhost:3000/_next/static/chunks/13-7_next_dist_compiled_react-dom_0vqk2fi._.js:11144:122)
    at completeWork (http://localhost:3000/_next/static/chunks/13-7_next_dist_compiled_react-dom_0vqk2fi._.js:6979:35)
    at runWithFiberInDEV (http://localhost:3000/_next/static/chunks/13-7_next_dist_compiled_react-dom_0vqk2fi._.js:965:74)
    at completeUnitOfWork (http://localhost:3000/_next/static/chunks/13-7_next_dist_compiled_react-dom_0vqk2fi._.js:9622:23)
    at performUnitOfWork (http://localhost:3000/_next/static/chunks/13-7_next_dist_compiled_react-dom_0vqk2fi._.js:9557:28)
    at workLoopSync (http://localhost:3000/_next/static/chunks/13-7_next_dist_compiled_react-dom_0vqk2fi._.js:9449:40)
    at renderRootSync (http://localhost:3000/_next/static/chunks/13-7_next_dist_compiled_react-dom_0vqk2fi._.js:9433:13)
    at performWorkOnRoot (http://localhost:3000/_next/static/chunks/13-7_next_dist_compiled_react-dom_0vqk2fi._.js:9098:47)
    at performWorkOnRootViaSchedulerTask (http://localhost:3000/_next/static/chunks/13-7_next_dist_compiled_react-dom_0vqk2fi._.js:10255:9)
    at MessagePort.performWorkUntilDeadline (http://localhost:3000/_next/static/chunks/13-7_next_dist_compiled_00ojxj0._.js:2647:64) @ http://localhost:3000/_next/static/chunks/13-7_next_dist_1lflez5._.js:3330
[    2487ms] [ERROR] Failed to load resource: the server responded with a status of 404 (Not Found) @ http://localhost:3000/favicon.ico:0
[    5488ms] [WARNING] The resource http://localhost:3000/icons/socials/tripadvisor.png was preloaded using link preload but not used within a few seconds from the window's load event. Please make sure it has an appropriate `as` value and it is preloaded intentionally. @ http://localhost:3000/package/annapurna-circuit-trek-7-days:0
[    5488ms] [WARNING] The resource http://localhost:3000/icons/socials/instagram.png was preloaded using link preload but not used within a few seconds from the window's load event. Please make sure it has an appropriate `as` value and it is preloaded intentionally. @ http://localhost:3000/package/annapurna-circuit-trek-7-days:0
[    5488ms] [WARNING] The resource http://localhost:3000/icons/socials/facebook.png was preloaded using link preload but not used within a few seconds from the window's load event. Please make sure it has an appropriate `as` value and it is preloaded intentionally. @ http://localhost:3000/package/annapurna-circuit-trek-7-days:0
[    5488ms] [WARNING] The resource http://localhost:3000/icons/socials/youtube.png was preloaded using link preload but not used within a few seconds from the window's load event. Please make sure it has an appropriate `as` value and it is preloaded intentionally. @ http://localhost:3000/package/annapurna-circuit-trek-7-days:0
[    5488ms] [WARNING] The resource http://localhost:3000/icons/socials/google-maps.png was preloaded using link preload but not used within a few seconds from the window's load event. Please make sure it has an appropriate `as` value and it is preloaded intentionally. @ http://localhost:3000/package/annapurna-circuit-trek-7-days:0
[    5488ms] [WARNING] The resource http://localhost:3000/icons/socials/whatsapp.png was preloaded using link preload but not used within a few seconds from the window's load event. Please make sure it has an appropriate `as` value and it is preloaded intentionally. @ http://localhost:3000/package/annapurna-circuit-trek-7-days:0
[    5488ms] [LOG] [Fast Refresh] rebuilding @ http://localhost:3000/_next/static/chunks/13-7_next_dist_1lflez5._.js:2489
[    5568ms] [LOG] [Fast Refresh] done in 180ms @ http://localhost:3000/_next/static/chunks/13-7_next_dist_1lflez5._.js:2489
[    5783ms] [LOG] [Fast Refresh] rebuilding @ http://localhost:3000/_next/static/chunks/13-7_next_dist_1lflez5._.js:2489
[    6359ms] [LOG] [Fast Refresh] done in 677ms @ http://localhost:3000/_next/static/chunks/13-7_next_dist_1lflez5._.js:2489
[   26196ms] [LOG] [Fast Refresh] rebuilding @ http://localhost:3000/_next/static/chunks/13-7_next_dist_1lflez5._.js:2489
[   26222ms] [LOG] [Fast Refresh] done in 31ms @ http://localhost:3000/_next/static/chunks/13-7_next_dist_1lflez5._.js:2489
[   34576ms] [LOG] [Fast Refresh] rebuilding @ http://localhost:3000/_next/static/chunks/13-7_next_dist_1lflez5._.js:2489
[   34604ms] [LOG] [Fast Refresh] done in 23ms @ http://localhost:3000/_next/static/chunks/13-7_next_dist_1lflez5._.js:2489
